[backblue.gif]
[fade.gif]
[index.html]
[gencapitals.com/assets2/images/icon.png]
[gencapitals.com/assets2/images/logo.png]
[gencapitals.com/assets2/images/slider/hero-1.png]
[gencapitals.com/assets2/images/slider/hero-1-mobile.png]
[gencapitals.com/assets2/images/slider/play.png]
[gencapitals.com/assets2/images/slider/hero-2.png]
[gencapitals.com/assets2/images/slider/hero-2-mobile.png]
[s3.tradingview.com/external-embedding/embed-widget-ticker-tape.js]
[gencapitals.com/assets2/js/jquery.min.js]
[gencapitals.com/assets2/js/modernizr-2.8.3.min.js]
[gencapitals.com/assets2/js/bootstrap.min.js]
[gencapitals.com/assets2/js/owl.carousel.min.js]
[gencapitals.com/assets2/js/jquery.magnific-popup.min.js]
[gencapitals.com/assets2/js/jquery.counterup.min.js]
[gencapitals.com/assets2/js/waypoints.min.js]
[gencapitals.com/assets2/js/wow.min.js]
[gencapitals.com/assets2/js/isotope.pkgd.min.js]
[gencapitals.com/assets2/js/imagesloaded.pkgd.min.js]
[gencapitals.com/assets2/js/theia-sticky-sidebar.js]
[gencapitals.com/assets2/js/parallax.min.js]
[gencapitals.com/assets2/js/back-menus.js]
[gencapitals.com/assets2/js/plugins.js]
[gencapitals.com/assets2/js/main.js]
[gencapitals.com/index.html]
[gencapitals.com/apple-touch-icon.html]
[gencapitals.com/assets/images/account-bg.jpg]
[gencapitals.com/assets/js/jquery-3.3.1.min.js]
[gencapitals.com/assets/js/modernizr-3.6.0.min.js]
[gencapitals.com/assets/js/plugins.js]
[gencapitals.com/assets/js/bootstrap.min.js]
[gencapitals.com/assets/js/magnific-popup.min.js]
[gencapitals.com/assets/js/jquery-ui.min.js]
[gencapitals.com/assets/js/wow.min.js]
[gencapitals.com/assets/js/odometer.min.js]
[gencapitals.com/assets/js/viewport.jquery.js]
[gencapitals.com/assets/js/nice-select.js]
[gencapitals.com/assets/js/owl.min.js]
[gencapitals.com/assets/js/paroller.js]
[gencapitals.com/login.html]
[gencapitals.com/assets/js/main.js]
[gencapitals.com/register.html]
[gencapitals.com/assets2/images/breadcrumbs/banner-inner.jpg]
[gencapitals.com/assets2/images/breadcrumbs/banner-inner-mobile.jpg]
[gencapitals.com/assets2/images/team/dennis-kawin-cfo.jpg]
[gencapitals.com/assets2/images/team/phylis-katyal-ceo.jpg]
[gencapitals.com/assets2/images/team/cto.jpg]
[gencapitals.com/about.html]
[gencapitals.com/assets2/images/portfolio-single/2.png]
[gencapitals.com/assets2/images/portfolio-single/3.png]
[gencapitals.com/storage/portfolio/l9caC81K00nvhPPKVTUGKhvB18QA4Povy4xJ03oj.png]
[gencapitals.com/storage/portfolio/kcBc1B2cRF5n1soSAAt4q7B8fSPEUrzSdzx8zpru.png]
[gencapitals.com/storage/portfolio/od54nvdMyhJYXTzjkI4eFo4CxwGzRzlpWtHrolTa.png]
[gencapitals.com/storage/portfolio/C2QtshSEhx6cQJQn0TcPqGKxP2XPa7LdSpwvZqcG.png]
[gencapitals.com/storage/portfolio/lDBcCZ7mSLmZcc4RhO6MMOFQLrp9tXKr8FWEW12V.png]
[gencapitals.com/storage/portfolio/PVZj2rTsxJECHiIShge1eaIY19zXqHjhE9flafop.png]
[gencapitals.com/storage/portfolio/fHd8qwdH9gUxMsZ1Ib3EgP6wWf3d44uY2DwG5Osf.png]
[gencapitals.com/storage/portfolio/sXkIO4zkoD4XOIm4gyoTUWu4ggZSKYIHtHGk2jZk.png]
[gencapitals.com/storage/portfolio/njB9JXVUZmgrdRiKb9lMqW8plbSEg989LcWSIey6.jpg]
[gencapitals.com/storage/portfolio/reMxvxJG0gon2tBIh8gtSsq95xDS7ItmGGNnnr2V.png]
[gencapitals.com/storage/portfolio/wIYW9MliuZz8AjS6iTXH5EAmf756EEgJYshM5HNh.png]
[gencapitals.com/storage/portfolio/9JQPR845Sa2Ysf1TUZqZEkg3r7wYHxyZTLOx5unI.png]
[gencapitals.com/storage/portfolio/srokdJWCXMhcj3xBtZt2KioPsRdkoZd37bDlHuAJ.png]
[gencapitals.com/storage/portfolio/jlQVLAt6fUsmbJozp8aMILL2p1w1cDdZoqvou3cK.png]
[gencapitals.com/storage/portfolio/EXjimSMQdXQVaNDEmJrMUuQpWFtq1uIZGpBr4sZM.png]
[gencapitals.com/storage/portfolio/8L41EAz4ogWioRqdlTM43aAjWxIkUKn7cWgfCFvD.png]
[gencapitals.com/storage/portfolio/N66Dx5brPsJ5QXFjPbJkwX60Dp9UbslTNWgkVRtX.png]
[gencapitals.com/storage/portfolio/AOCsiPHBfvbipBKFlAkAeYrNXHgpPqAcRW2d6cAa.png]
[gencapitals.com/storage/portfolio/nRQ5F7Yg4nUmg40bp14u7kXaR5ef6dHeyqjhEac1.png]
[gencapitals.com/storage/portfolio/3jARjcXM6DY8zUy40mcf3Ug3XDWyEjtugERRMDjR.jpg]
[gencapitals.com/storage/portfolio/4AJBWoKOzoFVVNThnZ7dDOovhJWlP7LrmfdAopbn.jpg]
[gencapitals.com/storage/portfolio/xBGL2ZRRUyfoAT2d624yJjGG740J7mV8MG5D43ee.png]
[gencapitals.com/storage/portfolio/eguxP1kuN0zTIAfced8bEpxZ3OyH3Dw8UGC9agn9.png]
[gencapitals.com/storage/portfolio/3VGzGJParRDDs4deh90dohFN8Yv0HxInqBFzrVa6.png]
[gencapitals.com/storage/portfolio/Qhh37kHcQfEu9SSWcrFUgIrLIV7z8TGqwXIJ4PW4.png]
[gencapitals.com/storage/portfolio/pqV9sjnBmNu6it9E0LSwuzU3epTjaV3YWK62qLHS.png]
[gencapitals.com/storage/portfolio/4KSGkRxsPQUQBqLTZTp3uxh1UhVEA0wudb8zGHfD.jpg]
[gencapitals.com/storage/portfolio/mGOYqYRmbFkx6rjguHpWG1PPYOX1IgKj5q8Vxfy8.png]
[gencapitals.com/storage/portfolio/42jB2heYuchywGfgFPsG6PD7ZsP1S7VVfgkqZpIE.png]
[gencapitals.com/storage/portfolio/xBqxqUKeiGotSrWrIs0hoxRQFD9QEkwM5kYKhCZK.png]
[gencapitals.com/storage/portfolio/e9gYa9ugDFbPtoviie7g7GEexG0dzfCwosHaJao0.png]
[gencapitals.com/storage/portfolio/pRwlWyyfQ90IrG7FkHXcLvycEpSXl18Mx7yqBoWb.jpg]
[gencapitals.com/storage/portfolio/iTgB94sUxeucMgJTH05sCblJx4crSyKNLKuHjyES.png]
[gencapitals.com/storage/portfolio/wv1xF36IM7xIJbo0eJVPVIJoFfWfFU1Eam8WQVad.png]
[gencapitals.com/storage/portfolio/stfGUDYW6H49lCBSvohjbVJ5wzLNXhJZZn2ReVrv.png]
[gencapitals.com/storage/portfolio/7tcDmV4qaQ4XX60EUf1IHHcY8cNtXt1H118j8Eve.png]
[gencapitals.com/storage/portfolio/kKpUnl3sGnyHU2AXJD3nvoaXSguAS64jcpFs0tTQ.png]
[gencapitals.com/storage/portfolio/a93eoDE2hYQ4NeqPUub9iV8Jj5xjETDhvoR0OR9l.png]
[gencapitals.com/storage/portfolio/ub6gyaNIGASr3a7R1Vtm00XR9MDqccaQDLxBFf1o.png]
[gencapitals.com/portfolio.html]
[gencapitals.com/assets2/images/service/readmore1.jpg]
[gencapitals.com/assets2/images/service/readmore2.jpg]
[gencapitals.com/assets2/images/service/readmore3.jpg]
[gencapitals.com/thesis.html]
[gencapitals.com/nfp.html]
[gencapitals.com/assets2/images/nfp.jpg]
[gencapitals.com/ieo.html]
[gencapitals.com/assets2/images/ieo.jpg]
[gencapitals.com/erc-20-portfolio.html]
[gencapitals.com/assets2/images/erc.png]
[gencapitals.com/assets2/images/escrow/1.png]
[gencapitals.com/assets2/images/escrow/2.png]
[gencapitals.com/assets2/images/escrow/3.png]
[gencapitals.com/assets2/images/escrow/4.png]
[gencapitals.com/assets2/images/escrow/5.png]
[gencapitals.com/assets2/images/escrow/6.png]
[gencapitals.com/assets2/images/escrow/7.png]
[gencapitals.com/forex.html]
[gencapitals.com/escrow.html]
[gencapitals.com/investment-plans.html]
[gencapitals.com/assets2/images/meeting-3.jpg]
[gencapitals.com/assets2/images/meeting-1.jpg]
[gencapitals.com/assets2/images/meeting-2.jpg]
[gencapitals.com/affiliate-marketing.html]
[feeds.abplive.com/onecms/images/uploaded-images/2023/06/03/ca09027b762982d70799e4b7af9f59351685768358047613_originald793.jpg]
[www.bing.com/th2b93.png]
[insidebitcoins.com/wp-content/uploads/2023/06/kanchanara-TU1XHpTfcvg-unsplash-scaled.jpg]
[www.bing.com/the23f.png]
[i.insider.com/647ace0ba52c4b00193683eeba33.jpg]
[www.bing.com/th3304.png]
[g.foolcdn.com/editorial/images/734196/bitcoin-to-the-moon-bullish-cryptocurrency-btc-2.jpg]
[www.bing.com/th2afb.png]
[www.kxan.com/wp-content/uploads/sites/40/2022/11/681e434e221440e38dc932ed77ce616b8a01.jpg]
[www.bing.com/th5e4c.png]
[www.bing.com/th6c52.png]
[www.thestreet.com/.image/t_share/MTgxMjQ4MDg4MzExMDgwMjk2/saturday-night-live-elon-musk.jpg]
[www.bing.com/th596c.png]
[www.bing.com/tha2fd.png]
[arizent.brightspotcdn.com/dims4/default/d780c8b/2147483647/strip/true/crop/1600x840+0+180/resize/1200x630!/quality/90/index6327.html]
[www.benzinga.com/files/images/story/2023/1685732421_0bfa4.png]
[www.bing.com/th1f4b.png]
[techbullion.com/wp-content/uploads/2023/06/Dogetti-2.png]
[www.bing.com/th3df3.png]
[www.benzinga.com/files/images/story/2023/1685718013_0bfa4.png]
[insidebitcoins.com/wp-content/uploads/2023/06/Mira-Muratis-Twitter-Hacked.png]
[techbullion.com/wp-content/uploads/2023/06/Big-Eyes-Coin-1-1000x600.jpg]
[s.yimg.com/ny/api/res/1.2/7fsgKtLt2jrZ_OKTy2TUMQ--/YXBwaWQ9aGlnaGxhbmRlcjt3PTEyMDA7aD02NzU-/https_/media.zenfs.com/en/decrypt_media_980/94ba2834c8394dd853dc3092520f8c83.jpg]
[www.bing.com/th7237.png]
[static01.nyt.com/images/2023/06/03/multimedia/03dc-biden-debt-kvlt/03dc-biden-debt-kvlt-facebookJumbo.jpg]
[www.bing.com/th370d.png]
[www.newsleader.com/gcdn/-mm-/901821cc9ea85f5ddfd77d680f7447982d4b7687/c=0-104-3000-1792/local/-/media/2020/09/09/Norwich/ghows-CT-200719900-aa85b4e296b3.jpg]
[www.bing.com/th42f4.png]
[www.cryptopolitan.com/wp-content/uploads/2023/06/apts.jpg]
[gencapitals.com/assets2/images/blog/defaultProvider.jpg]
[bloximages.chicago2.vip.townnews.com/billingsgazette.com/content/tncms/assets/v3/editorial/8/78/87848414-4df8-510d-9de6-145e05c6a0d2/5e068d5467946.image9b03.jpg]
[www.bing.com/th0b0d.png]
[i.cdn.newsbytesapp.com/images/l37620230603113956.jpeg]
[www.bing.com/thbf0f.png]
[gencapitals.com/news.html]
[gencapitals.com/contact.html]
[gencapitals.com/assets2/images/mt5.jpg]
[gencapitals.com/mt5.html]
[gencapitals.com/password/reset.html]
[gencapitals.com/assets2/images/breadcrumbs/blog-single.jpg]
[gencapitals.com/assets2/images/breadcrumbs/blog-single-mobile.jpg]
[gencapitals.com/assets2/images/blog-single/author2.jpg]
[gencapitals.com/assets2/images/blog-single/open_finance.png]
[gencapitals.com/assets2/images/blog-single/eth_in_open_finance.png]
[gencapitals.com/assets2/images/blog-single/cooperate_compete.png]
[gencapitals.com/assets2/images/blog-single/Zynga.png]
[gencapitals.com/assets2/images/blog-single/global_state_free_money.png]
[gencapitals.com/thesis/gencapitals-investment-thesis.html]
[gencapitals.com/assets/images/contact/maps.html]
[gencapitals.com/thesis/apple-touch-icon.html]
[gencapitals.com/assets2/css/custom.css]
[gencapitals.com/assets2/css/bootstrap.min.css]
[gencapitals.com/assets2/css/back-menus.css]
[gencapitals.com/assets2/css/animate.css]
[gencapitals.com/assets2/css/owl.carousel.css]
[gencapitals.com/assets2/fonts/ElegantIcons.eot]
[gencapitals.com/assets2/fonts/ElegantIconsd41dd41d.eot]
[gencapitals.com/assets2/fonts/ElegantIcons.woff]
[gencapitals.com/assets2/fonts/ElegantIcons.ttf]
[gencapitals.com/assets2/fonts/elegant-icon.css]
[gencapitals.com/assets2/fonts/Flaticon.eot]
[gencapitals.com/assets2/fonts/Flaticond41dd41d.eot]
[gencapitals.com/assets2/fonts/Flaticon.woff2]
[gencapitals.com/assets2/fonts/Flaticon.woff]
[gencapitals.com/assets2/fonts/Flaticon.ttf]
[gencapitals.com/assets2/fonts/flaticon.css]
[gencapitals.com/assets2/css/magnific-popup.css]
[gencapitals.com/assets2/css/back-animations.css]
[gencapitals.com/assets2/images/close.png]
[insidebitcoins.com/wp-content/uploads/2023/06/kanchanara-TU1XHpTfcvg-unsplash-scaled.jpg]
[feeds.abplive.com/onecms/images/uploaded-images/2023/06/03/ca09027b762982d70799e4b7af9f59351685768358047613_originald793.jpg]
[gencapitals.com/assets2/images/service/shape.png]
[g.foolcdn.com/editorial/images/734196/bitcoin-to-the-moon-bullish-cryptocurrency-btc-2.jpg]
[i.insider.com/647ace0ba52c4b00193683eeba33.jpg]
[www.kxan.com/wp-content/uploads/sites/40/2022/11/681e434e221440e38dc932ed77ce616b8a01.jpg]
[arizent.brightspotcdn.com/dims4/default/d780c8b/2147483647/strip/true/crop/1600x840+0+180/resize/1200x630!/quality/90/index6327.html]
[onecms-res.cloudinary.com/image/upload/s--eGzea-Vs--/fl_relative,g_south_east,l_one-cms_core_waterma/f_auto,q_auto/c_fill,g_auto,h_676,w_1200/v1/one-cms/core/europe_crypto_rules_36249.bdc5ee.dela]
[www.thestreet.com/.image/t_share/MTgxMjQ4MDg4MzExMDgwMjk2/saturday-night-live-elon-musk.jpg]
[gencapitals.com/assets2/images/service/shape2.png]
[techbullion.com/wp-content/uploads/2023/06/Dogetti-2.png]
[www.benzinga.com/files/images/story/2023/1685732421_0bfa4.png]
[gencapitals.com/assets2/images/counter/counter-bg.png]
[insidebitcoins.com/wp-content/uploads/2023/06/Mira-Muratis-Twitter-Hacked.png]
[www.benzinga.com/files/images/story/2023/1685718013_0bfa4.png]
[techbullion.com/wp-content/uploads/2023/06/Big-Eyes-Coin-1-1000x600.jpg]
[static01.nyt.com/images/2023/06/03/multimedia/03dc-biden-debt-kvlt/03dc-biden-debt-kvlt-facebookJumbo.jpg]
[www.newsleader.com/gcdn/-mm-/901821cc9ea85f5ddfd77d680f7447982d4b7687/c=0-104-3000-1792/local/-/media/2020/09/09/Norwich/ghows-CT-200719900-aa85b4e296b3.jpg]
[gencapitals.com/assets2/images/case/case-studies-bg-1.png]
[bloximages.chicago2.vip.townnews.com/billingsgazette.com/content/tncms/assets/v3/editorial/8/78/87848414-4df8-510d-9de6-145e05c6a0d2/5e068d5467946.image9b03.jpg]
[www.cryptopolitan.com/wp-content/uploads/2023/06/apts.jpg]
[gencapitals.com/assets2/images/case/shape.png]
[gencapitals.com/assets2/images/tab/tab-bg.png]
[gencapitals.com/assets2/images/clients/quote.png]
[gencapitals.com/assets2/images/cta/cta-bg1.png]
[gencapitals.com/assets2/images/faq/bg1.jpg]
[gencapitals.com/assets2/images/cta/cta-bg2.png]
[gencapitals.com/assets2/images/contact/contact-bg2.jpg]
[gencapitals.com/assets2/images/blog-single/ap.png]
[gencapitals.com/style.css]
[gencapitals.com/assets2/css/back-spacing.css]
[gencapitals.com/assets2/css/responsive.css]
[gencapitals.com/assets2/images/service/62.svg]
[gencapitals.com/assets2/images/service/12.svg]
[gencapitals.com/assets2/images/service/72.svg]
[gencapitals.com/assets2/images/service/22.svg]
[gencapitals.com/assets2/images/service/42.svg]
[gencapitals.com/assets2/images/service/32.svg]
[gencapitals.com/assets/css/bootstrap.min.css]
[gencapitals.com/assets/webfonts/fa-brands-400.eot]
[gencapitals.com/assets/webfonts/fa-brands-400d41dd41d.eot]
[gencapitals.com/assets/webfonts/fa-brands-400.woff2]
[gencapitals.com/assets/webfonts/fa-brands-400.woff]
[gencapitals.com/assets/webfonts/fa-brands-400.ttf]
[gencapitals.com/assets/webfonts/fa-regular-400.eot]
[gencapitals.com/assets/webfonts/fa-regular-400d41dd41d.eot]
[gencapitals.com/assets/webfonts/fa-regular-400.woff2]
[gencapitals.com/assets/webfonts/fa-regular-400.woff]
[gencapitals.com/assets/webfonts/fa-regular-400.ttf]
[gencapitals.com/assets/webfonts/fa-solid-900.eot]
[gencapitals.com/assets/webfonts/fa-solid-900d41dd41d.eot]
[gencapitals.com/assets/webfonts/fa-solid-900.woff2]
[gencapitals.com/assets/webfonts/fa-solid-900.woff]
[gencapitals.com/assets/webfonts/fa-solid-900.ttf]
[gencapitals.com/assets/css/all.min.css]
[gencapitals.com/assets/css/animate.css]
[gencapitals.com/assets/css/odometer.css]
[gencapitals.com/assets/css/owl.min.css]
[gencapitals.com/assets/css/jquery-ui.min.css]
[gencapitals.com/assets/css/magnific-popup.css]
[gencapitals.com/assets/css/Flaticon.eot]
[gencapitals.com/assets/css/Flaticond41dd41d.eot]
[gencapitals.com/assets/css/Flaticon.woff2]
[gencapitals.com/assets/css/Flaticon.woff]
[gencapitals.com/assets/css/Flaticon.ttf]
[gencapitals.com/assets/css/flaticon.css]
[gencapitals.com/assets/css/img/footer-shape.png]
[gencapitals.com/assets/css/img/map.png]
[gencapitals.com/assets/css/img/offer-shape.png]
[gencapitals.com/assets/css/img/faq.png]
[gencapitals.com/assets/css/img/how-shape-sm.png]
[gencapitals.com/assets/css/img/how-shape-md.png]
[gencapitals.com/assets/css/img/dashboard-bg.jpg]
[gencapitals.com/assets/css/main.css]
[gencapitals.com/password/reset.html]
[gencapitals.com/storage/portfolio/AKK0LhjbaVIcvrhSjTTh7eXK0QHNfsTG0lS1dqsM.svg]
[gencapitals.com/storage/portfolio/RTv7MqRUBBV69Z9QkNPcdROf3CvniiuuTbLkvaDV.svg]
[gencapitals.com/storage/portfolio/Z5evDjDfTHYkWtrS6ZWEl2LLmKH1xvWMzN0sxlTH.svg]
[gencapitals.com/thesis/gencapitals-investment-thesis.html]
[www.bing.com/th3304.png]
[www.bing.com/th6c52.png]
[www.bing.com/th596c.png]
[www.bing.com/tha2fd.png]
[www.bing.com/th1f4b.png]
[www.bing.com/th370d.png]
[www.bing.com/th0b0d.png]
[gencapitals.com/thesis/apple-touch-icon.html]
[gencapitals.com/assets2/css/owl.video.play.html]
[gencapitals.com/assets2/fonts/ElegantIcons.svg]
[gencapitals.com/assets2/fonts/Flaticon.svg]
[gencapitals.com/assets2/images/contact/contact-bg.html]
[gencapitals.com/assets2/images/contact/contact-bg3.html]
[gencapitals.com/assets/webfonts/fa-brands-400.svg]
[gencapitals.com/assets/webfonts/fa-regular-400.svg]
[gencapitals.com/assets/webfonts/fa-solid-900.svg]
[gencapitals.com/assets/css/owl.video.play.html]
[gencapitals.com/assets/css/images/ui-icons_444444_256x240.html]
[gencapitals.com/assets/css/images/ui-icons_555555_256x240.html]
[gencapitals.com/assets/css/images/ui-icons_ffffff_256x240.html]
[gencapitals.com/assets/css/images/ui-icons_777620_256x240.html]
[gencapitals.com/assets/css/images/ui-icons_cc0000_256x240.html]
[gencapitals.com/assets/css/images/ui-icons_777777_256x240.html]
[gencapitals.com/assets/css/Flaticon.svg]
[www.bing.com/thbf0f.png]
